E0922 22:48:34.070776   50482 cuda_executor.cc:1365] [0] Failed to allocate device memory of 10.80GiB (11597250560 bytes): RESOURCE_EXHAUSTED: : CUDA_ERROR_OUT_OF_MEMORY: out of memory
=== Source Location Trace: ===
external/xla+/xla/stream_executor/cuda/cuda_status.cc:45
external/xla+/xla/stream_executor/cuda/cuda_device_allocator.cc:230
external/xla+/xla/stream_executor/cuda/cuda_device_allocator.cc:487

E0922 22:48:34.071526   50482 cuda_executor.cc:1365] [0] Failed to allocate device memory of 9.72GiB (10437525504 bytes): RESOURCE_EXHAUSTED: : CUDA_ERROR_OUT_OF_MEMORY: out of memory
=== Source Location Trace: ===
external/xla+/xla/stream_executor/cuda/cuda_status.cc:45
external/xla+/xla/stream_executor/cuda/cuda_device_allocator.cc:230
external/xla+/xla/stream_executor/cuda/cuda_device_allocator.cc:487

E0922 22:48:34.072252   50482 cuda_executor.cc:1365] [0] Failed to allocate device memory of 8.75GiB (9393772544 bytes): RESOURCE_EXHAUSTED: : CUDA_ERROR_OUT_OF_MEMORY: out of memory
=== Source Location Trace: ===
external/xla+/xla/stream_executor/cuda/cuda_status.cc:45
external/xla+/xla/stream_executor/cuda/cuda_device_allocator.cc:230
external/xla+/xla/stream_executor/cuda/cuda_device_allocator.cc:487

E0922 22:48:34.072916   50482 cuda_executor.cc:1365] [0] Failed to allocate device memory of 7.87GiB (8454394880 bytes): RESOURCE_EXHAUSTED: : CUDA_ERROR_OUT_OF_MEMORY: out of memory
=== Source Location Trace: ===
external/xla+/xla/stream_executor/cuda/cuda_status.cc:45
external/xla+/xla/stream_executor/cuda/cuda_device_allocator.cc:230
external/xla+/xla/stream_executor/cuda/cuda_device_allocator.cc:487

E0922 22:48:34.073689   50482 cuda_executor.cc:1365] [0] Failed to allocate device memory of 7.09GiB (7608955392 bytes): RESOURCE_EXHAUSTED: : CUDA_ERROR_OUT_OF_MEMORY: out of memory
=== Source Location Trace: ===
external/xla+/xla/stream_executor/cuda/cuda_status.cc:45
external/xla+/xla/stream_executor/cuda/cuda_device_allocator.cc:230
external/xla+/xla/stream_executor/cuda/cuda_device_allocator.cc:487

E0922 22:48:34.074717   50482 cuda_executor.cc:1365] [0] Failed to allocate device memory of 6.38GiB (6848059904 bytes): RESOURCE_EXHAUSTED: : CUDA_ERROR_OUT_OF_MEMORY: out of memory
=== Source Location Trace: ===
external/xla+/xla/stream_executor/cuda/cuda_status.cc:45
external/xla+/xla/stream_executor/cuda/cuda_device_allocator.cc:230
external/xla+/xla/stream_executor/cuda/cuda_device_allocator.cc:487

E0922 22:48:34.075414   50482 cuda_executor.cc:1365] [0] Failed to allocate device memory of 5.74GiB (6163253760 bytes): RESOURCE_EXHAUSTED: : CUDA_ERROR_OUT_OF_MEMORY: out of memory
=== Source Location Trace: ===
external/xla+/xla/stream_executor/cuda/cuda_status.cc:45
external/xla+/xla/stream_executor/cuda/cuda_device_allocator.cc:230
external/xla+/xla/stream_executor/cuda/cuda_device_allocator.cc:487

E0922 22:48:34.076135   50482 cuda_executor.cc:1365] [0] Failed to allocate device memory of 5.17GiB (5546928128 bytes): RESOURCE_EXHAUSTED: : CUDA_ERROR_OUT_OF_MEMORY: out of memory
=== Source Location Trace: ===
external/xla+/xla/stream_executor/cuda/cuda_status.cc:45
external/xla+/xla/stream_executor/cuda/cuda_device_allocator.cc:230
external/xla+/xla/stream_executor/cuda/cuda_device_allocator.cc:487

E0922 22:48:34.076994   50482 cuda_executor.cc:1365] [0] Failed to allocate device memory of 4.65GiB (4992235008 bytes): RESOURCE_EXHAUSTED: : CUDA_ERROR_OUT_OF_MEMORY: out of memory
=== Source Location Trace: ===
external/xla+/xla/stream_executor/cuda/cuda_status.cc:45
external/xla+/xla/stream_executor/cuda/cuda_device_allocator.cc:230
external/xla+/xla/stream_executor/cuda/cuda_device_allocator.cc:487

E0922 22:48:34.077955   50482 cuda_executor.cc:1365] [0] Failed to allocate device memory of 4.18GiB (4493011456 bytes): RESOURCE_EXHAUSTED: : CUDA_ERROR_OUT_OF_MEMORY: out of memory
=== Source Location Trace: ===
external/xla+/xla/stream_executor/cuda/cuda_status.cc:45
external/xla+/xla/stream_executor/cuda/cuda_device_allocator.cc:230
external/xla+/xla/stream_executor/cuda/cuda_device_allocator.cc:487

  backend   gpu  float32
  depth     20 layers
  data      10000 examples  seq_len 1024  cap 1024
  numerics  CQ W4 STE + A8 (matches export)
  lora      rank 16  alpha 32  5 weight groups
  schedule  1667 steps  warmup 83  cosine decay  clip 1.0  (compiling...)
  step      33/1667  loss 0.7040
  step      66/1667  loss 0.8284
  step      99/1667  loss 0.8287
  step      132/1667  loss 0.4290
  step      165/1667  loss 0.2733
  step      198/1667  loss 0.1286
  step      231/1667  loss 0.0879
  step      264/1667  loss 0.0957
  step      297/1667  loss 0.0958
  step      330/1667  loss 0.0906
  step      363/1667  loss 0.0146
  step      396/1667  loss 0.0478
  step      429/1667  loss 0.0139
  step      462/1667  loss 0.0334
  step      495/1667  loss 0.0203
  step      528/1667  loss 0.0042
  step      561/1667  loss 0.0208
  step      594/1667  loss 0.0136
  step      627/1667  loss 0.0051
  step      660/1667  loss 0.0027
  step      693/1667  loss 0.0025
  step      726/1667  loss 0.0070
  step      759/1667  loss 0.0104
  step      792/1667  loss 0.0019
  step      825/1667  loss 0.0045
  step      858/1667  loss 0.0102
Traceback (most recent call last):
  File "<repo>/.venv-ft3/bin/needle", line 10, in <module>
    sys.exit(main())
             ^^^^^^
  File "<repo>/.venv-ft3/lib/python3.12/site-packages/needle/cli.py", line 280, in main
    finetune_local(args)
  File "<repo>/.venv-ft3/lib/python3.12/site-packages/needle/model/finetune.py", line 437, in finetune_local
    last = float(loss)
           ^^^^^^^^^^^
  File "<repo>/.venv-ft3/lib/python3.12/site-packages/jax/_src/array.py", line 295, in __float__
    return self._value.__float__()
           ^^^^^^^^^^^
  File "<repo>/.venv-ft3/lib/python3.12/site-packages/jax/_src/profiler.py", line 420, in wrapper
    return func(*args, **kwargs)
           ^^^^^^^^^^^^^^^^^^^^^
  File "<repo>/.venv-ft3/lib/python3.12/site-packages/jax/_src/array.py", line 637, in _value
    npy_value, did_copy = self._single_device_array_to_np_array_did_copy()
                          ^^^^^^^^^^^^^^^^^^^^^^^^^^^^^^^^^^^^^^^^^^^^^^^^
jax.errors.JaxRuntimeError: INTERNAL: Failed to retrieve branch_index value on stream 0x35dd8160: CUDA error: Could not synchronize CUDA stream: CUDA_ERROR_LAUNCH_FAILED: unspecified launch failure. [executable_name='jit_train_step']
