cactus-needle collects anonymous usage counts (function name, version, OS) to guide development; no prompts or outputs. Disable with NEEDLE_TELEMETRY=0.
  fetch     checkpoints/needle3.safetensors  downloading from Hugging Face
Warning: You are sending unauthenticated requests to the HF Hub. Please set a HF_TOKEN to enable higher rate limits and faster downloads.
  backend   gpu  float32
  depth     20 layers
  fetch     tokenizer tokenizer  downloading from Hugging Face
  data      25072 examples  seq_len 1024  cap 1024
  numerics  CQ W4 STE + A8 (matches export)
  lora      rank 32  alpha 32  5 weight groups
  schedule  4701 steps  warmup 235  cosine decay  clip 1.0  (compiling...)
  step      94/4701  loss 0.8392
  step      188/4701  loss 0.3611
  step      282/4701  loss 0.1920
  step      376/4701  loss 0.0545
  step      470/4701  loss 0.0460
  step      564/4701  loss 0.0091
  step      658/4701  loss 0.0072
  step      752/4701  loss 0.0045
  step      846/4701  loss 0.0021
  step      940/4701  loss 0.0025
  step      1034/4701  loss 0.0011
  step      1128/4701  loss 0.0008
  step      1222/4701  loss 0.0005
  step      1316/4701  loss 0.0004
  step      1410/4701  loss 0.0011
  step      1504/4701  loss 0.0002
  epoch     1/3  loss 0.0002
  step      1598/4701  loss 0.0008
  step      1692/4701  loss 0.0001
  step      1786/4701  loss 0.0002
  step      1880/4701  loss 0.0015
  step      1974/4701  loss 0.0001
  step      2068/4701  loss 0.0004
  step      2162/4701  loss 0.0001
  step      2256/4701  loss 0.0001
  step      2350/4701  loss 0.0000
  step      2444/4701  loss 0.0000
  step      2538/4701  loss 0.0002
  step      2632/4701  loss 0.0000
  step      2726/4701  loss 0.0015
  step      2820/4701  loss 0.0000
  step      2914/4701  loss 0.0000
  step      3008/4701  loss 0.0001
  step      3102/4701  loss 0.0000
  epoch     2/3  loss 0.0000
  step      3196/4701  loss 0.0000
  step      3290/4701  loss 0.0000
  step      3384/4701  loss 0.0001
  step      3478/4701  loss 0.0000
  step      3572/4701  loss 0.0004
  step      3666/4701  loss 0.0001
  step      3760/4701  loss 0.0000
  step      3854/4701  loss 0.0001
  step      3948/4701  loss 0.0000
  step      4042/4701  loss 0.0000
  step      4136/4701  loss 0.0022
  step      4230/4701  loss 0.0003
  step      4324/4701  loss 0.0000
  step      4418/4701  loss 0.0001
  step      4512/4701  loss 0.0000
  step      4606/4701  loss 0.0002
  step      4700/4701  loss 0.0000
  epoch     3/3  loss 0.0000
  adapter   /artifacts/n3-v4-r32-e3-s42_lora.safetensors
  next      needle build checkpoints/needle3.safetensors --lora /artifacts/n3-v4-r32-e3-s42_lora.safetensors
  note      local tuning leaves the confidence head untrained; needle build drops it and confidence reports None
Warning: You are sending unauthenticated requests to the HF Hub. Please set a HF_TOKEN to enable higher rate limits and faster downloads.
  base      /root/.cache/cactus-needle/v3/3.0.1/needle3.cact  35.34 MB
  merged    5 weight groups  /artifacts/n3-v4-r32-e3-s42_lora.safetensors
  dropped   the confidence head; it is not trained locally, so confidence reports None
  depth     20 layers
  wrote     /artifacts/n3-v4-r32-e3-s42.cact  63.44 MB  574 tensors  W4A8
  next      needle.Needle(weights='/artifacts/n3-v4-r32-e3-s42.cact', tools=[...])
