  backend   gpu  float32
  data      10000 examples  seq_len 1024  cap 1024
  numerics  CQ mixed[embedding=4,mhc=4,default=2] STE + A8 (matches export)
  lora      rank 16  alpha 32  5 weight groups
  holdout   1000 examples for validation
  schedule  9000 steps  warmup 450  cosine decay  clip 1.0  (compiling...)
E0917 19:32:35.686301    8786 cuda_executor.cc:1182] [0] Failed to allocate device memory of 4.00GiB (4294967296 bytes): RESOURCE_EXHAUSTED: : CUDA_ERROR_OUT_OF_MEMORY: out of memory
  step      180/9000  loss 0.8618
  step      360/9000  loss 0.0583
  step      540/9000  loss 0.0086
  step      720/9000  loss 0.0015
  step      900/9000  loss 0.0009
  step      1080/9000  loss 0.0037
  epoch     1/8  loss 0.0018  val 0.0012
  step      1260/9000  loss 0.0022
  step      1440/9000  loss 0.0002
  step      1620/9000  loss 0.0004
  step      1800/9000  loss 0.0003
  step      1980/9000  loss 0.0002
  step      2160/9000  loss 0.0007
  epoch     2/8  loss 0.0001  val 0.0003
  step      2340/9000  loss 0.0001
  step      2520/9000  loss 0.0001
  step      2700/9000  loss 0.0001
  step      2880/9000  loss 0.0000
  step      3060/9000  loss 0.0000
  step      3240/9000  loss 0.0001
  epoch     3/8  loss 0.0000  val 0.0001
  step      3420/9000  loss 0.0000
  step      3600/9000  loss 0.0000
  step      3780/9000  loss 0.0000
  step      3960/9000  loss 0.0000
  step      4140/9000  loss 0.0000
  step      4320/9000  loss 0.0000
  step      4500/9000  loss 0.0000
  epoch     4/8  loss 0.0000  val 0.0001
  step      4680/9000  loss 0.0000
  step      4860/9000  loss 0.0000
  step      5040/9000  loss 0.0000
  step      5220/9000  loss 0.0000
  step      5400/9000  loss 0.0000
  step      5580/9000  loss 0.0000
  epoch     5/8  loss 0.0000  val 0.0001
  step      5760/9000  loss 0.0000
  step      5940/9000  loss 0.0000
  step      6120/9000  loss 0.0000
  step      6300/9000  loss 0.0000
  step      6480/9000  loss 0.0000
  step      6660/9000  loss 0.0000
  epoch     6/8  loss 0.0001  val 0.0001
  step      6840/9000  loss 0.0000
  step      7020/9000  loss 0.0000
  step      7200/9000  loss 0.0000
  step      7380/9000  loss 0.0000
  step      7560/9000  loss 0.0000
  step      7740/9000  loss 0.0000
  epoch     7/8  loss 0.0000  val 0.0000
  step      7920/9000  loss 0.0000
  step      8100/9000  loss 0.0000
  step      8280/9000  loss 0.0000
  step      8460/9000  loss 0.0000
  step      8640/9000  loss 0.0000
  step      8820/9000  loss 0.0000
  step      9000/9000  loss 0.0000
  epoch     8/8  loss 0.0000  val 0.0000
  adapter   <repo>/needle-only/experiments/ft/models/sa-r16-lr1e-4-e8-seed44_lora.pkl
  next      needle build checkpoints/needle2.pkl --lora <repo>/needle-only/experiments/ft/models/sa-r16-lr1e-4-e8-seed44_lora.pkl
  note      confidence reports None with tuned weights; the head is not tuned
  merged    5 weight groups  <repo>/needle-only/experiments/ft/models/sa-r16-lr1e-4-e8-seed44_lora.pkl
  scheme    CQ mixed[embedding=4,mhc=4,default=2] from QAT adapter metadata
  wrote     <repo>/needle-only/experiments/ft/models/sa-r16-lr1e-4-e8-seed44.cact  13.74 MB  405 tensors  mixed[embedding=4,mhc=4,default=2]A8
  next      needle.Needle(weights='<repo>/needle-only/experiments/ft/models/sa-r16-lr1e-4-e8-seed44.cact', tools=[...])
