[train] Running: <repo>/.venv-ft/bin/needle finetune <repo>/needle-only/calendar_ft/data/train/calendar_read.jsonl --epochs 10 --lora-rank 16 --lora-alpha 32.0 --lr 0.0001 --batch-size 16 --seed 42 --out <repo>/needle-only/calendar_ft/models/calendar_read_lora.pkl
  backend   gpu  float32
  data      1157 examples  seq_len 512  cap 1024
  numerics  CQ mixed[embedding=4,mhc=4,default=2] STE + A8 (matches export)
  lora      rank 16  alpha 32  5 weight groups
  holdout   115 examples for validation
  schedule  660 steps  warmup 33  cosine decay  clip 1.0  (compiling...)
E0911 17:48:03.282386   24920 cuda_executor.cc:1182] [0] Failed to allocate device memory of 4.00GiB (4294967296 bytes): RESOURCE_EXHAUSTED: : CUDA_ERROR_OUT_OF_MEMORY: out of memory
  step      13/660  loss 1.0659
  step      26/660  loss 1.0378
  step      39/660  loss 0.7833
  step      52/660  loss 0.7833
  step      65/660  loss 0.6085
  epoch     1/10  loss 1.3422  val 0.6148
  step      78/660  loss 0.5223
  step      91/660  loss 0.3857
  step      104/660  loss 0.3131
  step      117/660  loss 0.3472
  step      130/660  loss 0.2781
  epoch     2/10  loss 0.1755  val 0.2042
  step      143/660  loss 0.0651
  step      156/660  loss 0.2424
  step      169/660  loss 0.0453
  step      182/660  loss 0.0631
  step      195/660  loss 0.0645
  epoch     3/10  loss 0.4338  val 0.0874
  step      208/660  loss 0.0572
  step      221/660  loss 0.0666
  step      234/660  loss 0.0315
  step      247/660  loss 0.1116
  step      260/660  loss 0.0430
  epoch     4/10  loss 0.0067  val 0.0490
  step      273/660  loss 0.0187
  step      286/660  loss 0.0319
  step      299/660  loss 0.0054
  step      312/660  loss 0.0169
  step      325/660  loss 0.0059
  epoch     5/10  loss 0.0020  val 0.0279
  step      338/660  loss 0.0108
  step      351/660  loss 0.0083
  step      364/660  loss 0.0079
  step      377/660  loss 0.0059
  step      390/660  loss 0.0191
  epoch     6/10  loss 0.0011  val 0.0160
  step      403/660  loss 0.0014
  step      416/660  loss 0.0029
  step      429/660  loss 0.0032
  step      442/660  loss 0.0062
  step      455/660  loss 0.0021
  epoch     7/10  loss 0.0006  val 0.0120
  step      468/660  loss 0.0035
  step      481/660  loss 0.0098
  step      494/660  loss 0.0023
  step      507/660  loss 0.0013
  step      520/660  loss 0.0019
  epoch     8/10  loss 0.0009  val 0.0100
  step      533/660  loss 0.0058
  step      546/660  loss 0.0030
  step      559/660  loss 0.0013
  step      572/660  loss 0.0020
  step      585/660  loss 0.0019
  epoch     9/10  loss 0.0038  val 0.0093
  step      598/660  loss 0.0022
  step      611/660  loss 0.0085
  step      624/660  loss 0.0020
  step      637/660  loss 0.0019
  step      650/660  loss 0.0038
  epoch     10/10  loss 0.0058  val 0.0093
  adapter   <repo>/needle-only/calendar_ft/models/calendar_read_lora.pkl
  next      needle build checkpoints/needle2.pkl --lora <repo>/needle-only/calendar_ft/models/calendar_read_lora.pkl
  note      confidence reports None with tuned weights; the head is not tuned

[train] Training completed in 711.0s
[build] Running: <repo>/.venv-ft/bin/needle build <repo>/checkpoints/needle2.pkl --lora <repo>/needle-only/calendar_ft/models/calendar_read_lora.pkl --out <repo>/needle-only/calendar_ft/models/calendar_read.cact
  merged    5 weight groups  <repo>/needle-only/calendar_ft/models/calendar_read_lora.pkl
  scheme    CQ mixed[embedding=4,mhc=4,default=2] from QAT adapter metadata
  wrote     <repo>/needle-only/calendar_ft/models/calendar_read.cact  13.74 MB  405 tensors  mixed[embedding=4,mhc=4,default=2]A8
  next      needle.Needle(weights='<repo>/needle-only/calendar_ft/models/calendar_read.cact', tools=[...])

[build] .cact build completed in 12.5s
{
  "task": "calendar_read",
  "epochs": 10,
  "lora_rank": 16,
  "lora_alpha": 32.0,
  "lr": 0.0001,
  "batch_size": 16,
  "seed": 42,
  "train_time_s": 711.0,
  "build_time_s": 12.5,
  "adapter_path": "<repo>/needle-only/calendar_ft/models/calendar_read_lora.pkl",
  "adapter_size_bytes": 7963626,
  "cact_path": "<repo>/needle-only/calendar_ft/models/calendar_read.cact",
  "cact_size_bytes": 13737807
}
