[train] Running: <repo>/.venv-ft/bin/needle finetune <repo>/needle-only/calendar_ft/data/train/calendar_write.jsonl --epochs 10 --lora-rank 16 --lora-alpha 32.0 --lr 0.0001 --batch-size 8 --seed 42 --out <repo>/needle-only/calendar_ft/models/calendar_write_lora.pkl
  backend   gpu  float32
  data      1914 examples  seq_len 1024  cap 1024
  numerics  CQ mixed[embedding=4,mhc=4,default=2] STE + A8 (matches export)
  lora      rank 16  alpha 32  5 weight groups
  holdout   191 examples for validation
  schedule  2160 steps  warmup 108  cosine decay  clip 1.0  (compiling...)
E0911 18:22:50.872995   29669 cuda_executor.cc:1182] [0] Failed to allocate device memory of 4.00GiB (4294967296 bytes): RESOURCE_EXHAUSTED: : CUDA_ERROR_OUT_OF_MEMORY: out of memory
  step      43/2160  loss 0.7749
  step      86/2160  loss 0.7156
  step      129/2160  loss 0.2622
  step      172/2160  loss 0.1247
  step      215/2160  loss 0.0589
  epoch     1/10  loss 0.0279  val 0.0524
  step      258/2160  loss 0.0696
  step      301/2160  loss 0.0196
  step      344/2160  loss 0.0095
  step      387/2160  loss 0.0675
  step      430/2160  loss 0.0060
  epoch     2/10  loss 0.0011  val 0.0044
  step      473/2160  loss 0.0010
  step      516/2160  loss 0.0021
  step      559/2160  loss 0.0010
  step      602/2160  loss 0.0062
  step      645/2160  loss 0.0005
  epoch     3/10  loss 0.0005  val 0.0014
  step      688/2160  loss 0.0004
  step      731/2160  loss 0.0023
  step      774/2160  loss 0.0003
  step      817/2160  loss 0.0016
  step      860/2160  loss 0.0025
  epoch     4/10  loss 0.0003  val 0.0009
  step      903/2160  loss 0.0004
  step      946/2160  loss 0.0032
  step      989/2160  loss 0.0003
  step      1032/2160  loss 0.0002
  step      1075/2160  loss 0.0004
  epoch     5/10  loss 0.0002  val 0.0007
  step      1118/2160  loss 0.0002
  step      1161/2160  loss 0.0002
  step      1204/2160  loss 0.0003
  step      1247/2160  loss 0.0002
  step      1290/2160  loss 0.0001
  epoch     6/10  loss 0.0001  val 0.0006
  step      1333/2160  loss 0.0001
  step      1376/2160  loss 0.0001
  step      1419/2160  loss 0.0002
  step      1462/2160  loss 0.0005
  step      1505/2160  loss 0.0002
  epoch     7/10  loss 0.0001  val 0.0005
  step      1548/2160  loss 0.0004
  step      1591/2160  loss 0.0002
  step      1634/2160  loss 0.0001
  step      1677/2160  loss 0.0001
  step      1720/2160  loss 0.0002
  epoch     8/10  loss 0.0001  val 0.0006
  step      1763/2160  loss 0.0007
  step      1806/2160  loss 0.0001
  step      1849/2160  loss 0.0008
  step      1892/2160  loss 0.0001
  step      1935/2160  loss 0.0002
  epoch     9/10  loss 0.0001  val 0.0005
  step      1978/2160  loss 0.0001
  step      2021/2160  loss 0.0001
  step      2064/2160  loss 0.0001
  step      2107/2160  loss 0.0001
  step      2150/2160  loss 0.0001
  epoch     10/10  loss 0.0002  val 0.0006
  adapter   <repo>/needle-only/calendar_ft/models/calendar_write_lora.pkl
  next      needle build checkpoints/needle2.pkl --lora <repo>/needle-only/calendar_ft/models/calendar_write_lora.pkl
  note      confidence reports None with tuned weights; the head is not tuned

[train] Training completed in 2671.4s
[build] Running: <repo>/.venv-ft/bin/needle build <repo>/checkpoints/needle2.pkl --lora <repo>/needle-only/calendar_ft/models/calendar_write_lora.pkl --out <repo>/needle-only/calendar_ft/models/calendar_write.cact
  merged    5 weight groups  <repo>/needle-only/calendar_ft/models/calendar_write_lora.pkl
  scheme    CQ mixed[embedding=4,mhc=4,default=2] from QAT adapter metadata
  wrote     <repo>/needle-only/calendar_ft/models/calendar_write.cact  13.74 MB  405 tensors  mixed[embedding=4,mhc=4,default=2]A8
  next      needle.Needle(weights='<repo>/needle-only/calendar_ft/models/calendar_write.cact', tools=[...])

[build] .cact build completed in 12.6s
{
  "task": "calendar_write",
  "epochs": 10,
  "lora_rank": 16,
  "lora_alpha": 32.0,
  "lr": 0.0001,
  "batch_size": 8,
  "seed": 42,
  "train_time_s": 2671.4,
  "build_time_s": 12.6,
  "adapter_path": "<repo>/needle-only/calendar_ft/models/calendar_write_lora.pkl",
  "adapter_size_bytes": 7963626,
  "cact_path": "<repo>/needle-only/calendar_ft/models/calendar_write.cact",
  "cact_size_bytes": 13737807
}
