[train] Running: <repo>/.venv-ft/bin/needle finetune <repo>/needle-only/calendar_ft/data/train/reminder.jsonl --epochs 10 --lora-rank 16 --lora-alpha 32.0 --lr 0.0001 --batch-size 16 --seed 42 --out <repo>/needle-only/calendar_ft/models/reminder_lora.pkl
  backend   gpu  float32
  data      1157 examples  seq_len 512  cap 1024
  numerics  CQ mixed[embedding=4,mhc=4,default=2] STE + A8 (matches export)
  lora      rank 16  alpha 32  5 weight groups
  holdout   115 examples for validation
  schedule  660 steps  warmup 33  cosine decay  clip 1.0  (compiling...)
E0911 18:07:19.782852   27652 cuda_executor.cc:1182] [0] Failed to allocate device memory of 4.00GiB (4294967296 bytes): RESOURCE_EXHAUSTED: : CUDA_ERROR_OUT_OF_MEMORY: out of memory
  step      13/660  loss 0.8829
  step      26/660  loss 0.9211
  step      39/660  loss 0.6432
  step      52/660  loss 0.6349
  step      65/660  loss 0.3776
  epoch     1/10  loss 0.4156  val 0.4802
  step      78/660  loss 0.3119
  step      91/660  loss 0.2712
  step      104/660  loss 0.2650
  step      117/660  loss 0.2252
  step      130/660  loss 0.1138
  epoch     2/10  loss 0.0713  val 0.1619
  step      143/660  loss 0.0374
  step      156/660  loss 0.0173
  step      169/660  loss 0.1004
  step      182/660  loss 0.0693
  step      195/660  loss 0.0311
  epoch     3/10  loss 0.0085  val 0.0750
  step      208/660  loss 0.0306
  step      221/660  loss 0.0073
  step      234/660  loss 0.0271
  step      247/660  loss 0.0374
  step      260/660  loss 0.0038
  epoch     4/10  loss 0.0027  val 0.0489
  step      273/660  loss 0.0304
  step      286/660  loss 0.0585
  step      299/660  loss 0.0120
  step      312/660  loss 0.0444
  step      325/660  loss 0.0370
  epoch     5/10  loss 0.3461  val 0.0330
  step      338/660  loss 0.0376
  step      351/660  loss 0.0531
  step      364/660  loss 0.0081
  step      377/660  loss 0.0185
  step      390/660  loss 0.0110
  epoch     6/10  loss 0.0012  val 0.0222
  step      403/660  loss 0.0015
  step      416/660  loss 0.0176
  step      429/660  loss 0.0059
  step      442/660  loss 0.0085
  step      455/660  loss 0.0062
  epoch     7/10  loss 0.0012  val 0.0164
  step      468/660  loss 0.0027
  step      481/660  loss 0.0196
  step      494/660  loss 0.0032
  step      507/660  loss 0.0140
  step      520/660  loss 0.0008
  epoch     8/10  loss 0.0006  val 0.0133
  step      533/660  loss 0.0141
  step      546/660  loss 0.0031
  step      559/660  loss 0.0228
  step      572/660  loss 0.0007
  step      585/660  loss 0.0025
  epoch     9/10  loss 0.0009  val 0.0122
  step      598/660  loss 0.0008
  step      611/660  loss 0.0007
  step      624/660  loss 0.0057
  step      637/660  loss 0.0039
  step      650/660  loss 0.0019
  epoch     10/10  loss 0.0013  val 0.0120
  adapter   <repo>/needle-only/calendar_ft/models/reminder_lora.pkl
  next      needle build checkpoints/needle2.pkl --lora <repo>/needle-only/calendar_ft/models/reminder_lora.pkl
  note      confidence reports None with tuned weights; the head is not tuned

[train] Training completed in 708.9s
[build] Running: <repo>/.venv-ft/bin/needle build <repo>/checkpoints/needle2.pkl --lora <repo>/needle-only/calendar_ft/models/reminder_lora.pkl --out <repo>/needle-only/calendar_ft/models/reminder.cact
  merged    5 weight groups  <repo>/needle-only/calendar_ft/models/reminder_lora.pkl
  scheme    CQ mixed[embedding=4,mhc=4,default=2] from QAT adapter metadata
  wrote     <repo>/needle-only/calendar_ft/models/reminder.cact  13.74 MB  405 tensors  mixed[embedding=4,mhc=4,default=2]A8
  next      needle.Needle(weights='<repo>/needle-only/calendar_ft/models/reminder.cact', tools=[...])

[build] .cact build completed in 13.8s
{
  "task": "reminder",
  "epochs": 10,
  "lora_rank": 16,
  "lora_alpha": 32.0,
  "lr": 0.0001,
  "batch_size": 16,
  "seed": 42,
  "train_time_s": 708.9,
  "build_time_s": 13.8,
  "adapter_path": "<repo>/needle-only/calendar_ft/models/reminder_lora.pkl",
  "adapter_size_bytes": 7963626,
  "cact_path": "<repo>/needle-only/calendar_ft/models/reminder.cact",
  "cact_size_bytes": 13737807
}
