  backend   gpu  float32
  data      7000 examples  seq_len 512  cap 1024
  numerics  CQ mixed[embedding=4,mhc=4,default=2] STE + A8 (matches export)
  lora      rank 8  alpha 32  5 weight groups
  schedule  7000 steps  warmup 350  cosine decay  clip 1.0  (compiling...)
  step      140/7000  loss 0.7441
  step      280/7000  loss 0.0353
  step      420/7000  loss 0.0104
  step      560/7000  loss 0.0032
  step      700/7000  loss 0.0041
  step      840/7000  loss 0.0006
  epoch     1/8  loss 0.0004
  step      980/7000  loss 0.0003
  step      1120/7000  loss 0.0010
  step      1260/7000  loss 0.0006
  step      1400/7000  loss 0.0001
  step      1540/7000  loss 0.0000
  step      1680/7000  loss 0.0001
  epoch     2/8  loss 0.0001
  step      1820/7000  loss 0.0000
  step      1960/7000  loss 0.0001
  step      2100/7000  loss 0.0001
  step      2240/7000  loss 0.0001
  step      2380/7000  loss 0.0001
  step      2520/7000  loss 0.0001
  epoch     3/8  loss 0.0000
  step      2660/7000  loss 0.0000
  step      2800/7000  loss 0.0000
  step      2940/7000  loss 0.0000
  step      3080/7000  loss 0.0000
  step      3220/7000  loss 0.0000
  step      3360/7000  loss 0.0000
  step      3500/7000  loss 0.0000
  epoch     4/8  loss 0.0000
  step      3640/7000  loss 0.0000
  step      3780/7000  loss 0.0000
  step      3920/7000  loss 0.0000
  step      4060/7000  loss 0.0000
  step      4200/7000  loss 0.0000
  step      4340/7000  loss 0.0001
  epoch     5/8  loss 0.0000
  step      4480/7000  loss 0.0000
  step      4620/7000  loss 0.0000
  step      4760/7000  loss 0.0000
  step      4900/7000  loss 0.0000
  step      5040/7000  loss 0.0000
  step      5180/7000  loss 0.0000
  epoch     6/8  loss 0.0000
  step      5320/7000  loss 0.0000
  step      5460/7000  loss 0.0000
  step      5600/7000  loss 0.0000
  step      5740/7000  loss 0.0000
  step      5880/7000  loss 0.0000
  step      6020/7000  loss 0.0000
  epoch     7/8  loss 0.0000
  step      6160/7000  loss 0.0000
  step      6300/7000  loss 0.0000
  step      6440/7000  loss 0.0000
  step      6580/7000  loss 0.0000
  step      6720/7000  loss 0.0000
  step      6860/7000  loss 0.0000
  step      7000/7000  loss 0.0000
  epoch     8/8  loss 0.0000
  adapter   /artifacts/n2-train-r8-e8-s42_lora.pkl
  next      needle build checkpoints/needle2.pkl --lora /artifacts/n2-train-r8-e8-s42_lora.pkl
  note      confidence reports None with tuned weights; the head is not tuned
  merged    5 weight groups  /artifacts/n2-train-r8-e8-s42_lora.pkl
  scheme    CQ mixed[embedding=4,mhc=4,default=2] from QAT adapter metadata
  wrote     /artifacts/n2-train-r8-e8-s42.cact  13.74 MB  405 tensors  mixed[embedding=4,mhc=4,default=2]A8
  next      needle.Needle(weights='/artifacts/n2-train-r8-e8-s42.cact', tools=[...])
