cactus-needle collects anonymous usage counts (function name, version, OS) to guide development; no prompts or outputs. Disable with NEEDLE_TELEMETRY=0.
  fetch     checkpoints/needle2.pkl  downloading from Hugging Face
Warning: You are sending unauthenticated requests to the HF Hub. Please set a HF_TOKEN to enable higher rate limits and faster downloads.
  backend   gpu  float32
  fetch     tokenizer tokenizer  downloading from Hugging Face
  data      7000 examples  seq_len 512  cap 1024
  numerics  CQ mixed[embedding=4,mhc=4,default=2] STE + A8 (matches export)
  lora      rank 16  alpha 32  5 weight groups
  schedule  4375 steps  warmup 218  cosine decay  clip 1.0  (compiling...)
  step      87/4375  loss 1.2243
  step      174/4375  loss 0.2955
  step      261/4375  loss 0.0169
  step      348/4375  loss 0.0070
  step      435/4375  loss 0.0023
  step      522/4375  loss 0.0020
  step      609/4375  loss 0.0129
  step      696/4375  loss 0.0019
  step      783/4375  loss 0.0009
  step      870/4375  loss 0.0004
  epoch     1/5  loss 0.0005
  step      957/4375  loss 0.0003
  step      1044/4375  loss 0.0027
  step      1131/4375  loss 0.0001
  step      1218/4375  loss 0.0003
  step      1305/4375  loss 0.0085
  step      1392/4375  loss 0.0001
  step      1479/4375  loss 0.0001
  step      1566/4375  loss 0.0001
  step      1653/4375  loss 0.0001
  step      1740/4375  loss 0.0001
  epoch     2/5  loss 0.0001
  step      1827/4375  loss 0.0001
  step      1914/4375  loss 0.0001
  step      2001/4375  loss 0.0001
  step      2088/4375  loss 0.0000
  step      2175/4375  loss 0.0000
  step      2262/4375  loss 0.0001
  step      2349/4375  loss 0.0000
  step      2436/4375  loss 0.0000
  step      2523/4375  loss 0.0001
  step      2610/4375  loss 0.0000
  epoch     3/5  loss 0.0000
  step      2697/4375  loss 0.0000
  step      2784/4375  loss 0.0000
  step      2871/4375  loss 0.0000
  step      2958/4375  loss 0.0001
  step      3045/4375  loss 0.0000
  step      3132/4375  loss 0.0000
  step      3219/4375  loss 0.0000
  step      3306/4375  loss 0.0000
  step      3393/4375  loss 0.0000
  step      3480/4375  loss 0.0000
  epoch     4/5  loss 0.0000
  step      3567/4375  loss 0.0000
  step      3654/4375  loss 0.0000
  step      3741/4375  loss 0.0000
  step      3828/4375  loss 0.0000
  step      3915/4375  loss 0.0001
  step      4002/4375  loss 0.0001
  step      4089/4375  loss 0.0000
  step      4176/4375  loss 0.0000
  step      4263/4375  loss 0.0000
  step      4350/4375  loss 0.0000
  epoch     5/5  loss 0.0000
  adapter   /artifacts/n2-train-r16-e5-s42_lora.pkl
  next      needle build checkpoints/needle2.pkl --lora /artifacts/n2-train-r16-e5-s42_lora.pkl
  note      confidence reports None with tuned weights; the head is not tuned
  merged    5 weight groups  /artifacts/n2-train-r16-e5-s42_lora.pkl
  scheme    CQ mixed[embedding=4,mhc=4,default=2] from QAT adapter metadata
  wrote     /artifacts/n2-train-r16-e5-s42.cact  13.74 MB  405 tensors  mixed[embedding=4,mhc=4,default=2]A8
  next      needle.Needle(weights='/artifacts/n2-train-r16-e5-s42.cact', tools=[...])
